INSTALL NOTES FOR NEW DEVELOPER TOOL BOX:
(The following was captured while setting up a fresh developer environment under Ubuntu.)

AFTER FRESH INSTALL OF UBUNTU:
jfhogarty@Ubuntu64VB:~$ ls -la
total 188
drwx------ 15 jfhogarty jfhogarty 4096 Nov  7 23:47 .
drwxr-xr-x  4 root      root      4096 Nov  7 22:51 ..
-rw-------  1 jfhogarty jfhogarty   20 Nov  7 23:46 .bash_history
-rw-r--r--  1 jfhogarty jfhogarty  220 Nov  7 22:51 .bash_logout
-rw-r--r--  1 jfhogarty jfhogarty 3637 Nov  7 22:51 .bashrc
drwx------ 15 jfhogarty jfhogarty 4096 Nov  7 23:34 .cache
drwx------  3 jfhogarty jfhogarty 4096 Nov  7 23:29 .compiz
drwx------ 14 jfhogarty jfhogarty 4096 Nov  7 23:31 .config
drwxr-xr-x  2 jfhogarty jfhogarty 4096 Nov  7 23:26 Desktop
drwxr-xr-x  2 jfhogarty jfhogarty 4096 Nov  7 23:26 Documents
drwxr-xr-x  2 jfhogarty jfhogarty 4096 Nov  7 23:26 Downloads
lrwxrwxrwx  1 jfhogarty jfhogarty   35 Nov  7 22:51 .ecryptfs -> /home/.ecryptfs/jfhogarty/.ecryptfs
-rw-r--r--  1 jfhogarty jfhogarty 8980 Nov  7 22:51 examples.desktop
drwx------  3 jfhogarty jfhogarty 4096 Nov  7 23:47 .gconf
-rw-------  1 jfhogarty jfhogarty 1002 Nov  7 23:47 .ICEauthority
drwxr-xr-x  3 jfhogarty jfhogarty 4096 Nov  7 23:26 .local
drwxr-xr-x  2 jfhogarty jfhogarty 4096 Nov  7 23:26 Music
drwxr-xr-x  2 jfhogarty jfhogarty 4096 Nov  7 23:26 Pictures
lrwxrwxrwx  1 jfhogarty jfhogarty   34 Nov  7 22:51 .Private -> /home/.ecryptfs/jfhogarty/.Private
-rw-r--r--  1 jfhogarty jfhogarty  675 Nov  7 22:51 .profile
drwxr-xr-x  2 jfhogarty jfhogarty 4096 Nov  7 23:26 Public
drwxr-xr-x  2 jfhogarty jfhogarty 4096 Nov  7 23:26 Templates
drwxr-xr-x  2 jfhogarty jfhogarty 4096 Nov  7 23:26 Videos
-rw-------  1 jfhogarty jfhogarty   55 Nov  7 23:47 .Xauthority
-rw-------  1 jfhogarty jfhogarty  108 Nov  7 23:47 .xsession-errors
-rw-------  1 jfhogarty jfhogarty 4549 Nov  7 23:46 .xsession-errors.old
jfhogarty@Ubuntu64VB:~$


INSTALL VIM:
jfhogarty@Ubuntu64VB:~$ sudo apt-get install vim
[sudo] password for jfhogarty:
Reading package lists... Done
Building dependency tree
Reading state information... Done
The following extra packages will be installed:
  vim-runtime
Suggested packages:
  ctags vim-doc vim-scripts
The following NEW packages will be installed:
  vim vim-runtime
0 upgraded, 2 newly installed, 0 to remove and 3 not upgraded.
Need to get 5,844 kB of archives.
After this operation, 28.0 MB of additional disk space will be used.
Do you want to continue? [Y/n] y
Get:1 http://us.archive.ubuntu.com/ubuntu/ trusty/main vim-runtime all 2:7.4.052-1ubuntu3 [4,888 kB]
Get:2 http://us.archive.ubuntu.com/ubuntu/ trusty/main vim amd64 2:7.4.052-1ubuntu3 [956 kB]
Fetched 5,844 kB in 8s (701 kB/s)
Selecting previously unselected package vim-runtime.
(Reading database ... 196292 files and directories currently installed.)
Preparing to unpack .../vim-runtime_2%3a7.4.052-1ubuntu3_all.deb ...
Adding 'diversion of /usr/share/vim/vim74/doc/help.txt to /usr/share/vim/vim74/doc/help.txt.vim-tiny by vim-runtime'
Adding 'diversion of /usr/share/vim/vim74/doc/tags to /usr/share/vim/vim74/doc/tags.vim-tiny by vim-runtime'
Unpacking vim-runtime (2:7.4.052-1ubuntu3) ...
Selecting previously unselected package vim.
Preparing to unpack .../vim_2%3a7.4.052-1ubuntu3_amd64.deb ...
Unpacking vim (2:7.4.052-1ubuntu3) ...
Processing triggers for man-db (2.6.7.1-1ubuntu1) ...
Setting up vim-runtime (2:7.4.052-1ubuntu3) ...
Processing /usr/share/vim/addons/doc
Setting up vim (2:7.4.052-1ubuntu3) ...
update-alternatives: using /usr/bin/vim.basic to provide /usr/bin/vim (vim) in auto mode
update-alternatives: using /usr/bin/vim.basic to provide /usr/bin/vimdiff (vimdiff) in auto mode
update-alternatives: using /usr/bin/vim.basic to provide /usr/bin/rvim (rvim) in auto mode
update-alternatives: using /usr/bin/vim.basic to provide /usr/bin/rview (rview) in auto mode
update-alternatives: using /usr/bin/vim.basic to provide /usr/bin/vi (vi) in auto mode
update-alternatives: using /usr/bin/vim.basic to provide /usr/bin/view (view) in auto mode
update-alternatives: using /usr/bin/vim.basic to provide /usr/bin/ex (ex) in auto mode
jfhogarty@Ubuntu64VB:~$
jfhogarty@Ubuntu64VB:~$ vim -version
VIM - Vi IMproved 7.4 (2013 Aug 10, compiled Jan  2 2014 19:39:32)
Garbage after option argument: "-version"
More info with: "vim -h"
jfhogarty@Ubuntu64VB:~$


AFTER VIM INSTALL:
jfhogarty@Ubuntu64VB:~$ ls -la
total 216
drwx------ 15 jfhogarty jfhogarty 4096 Nov  7 23:53 .
drwxr-xr-x  4 root      root      4096 Nov  7 22:51 ..
-rw-------  1 jfhogarty jfhogarty   20 Nov  7 23:46 .bash_history
-rw-r--r--  1 jfhogarty jfhogarty  220 Nov  7 22:51 .bash_logout
-rw-r--r--  1 jfhogarty jfhogarty 3637 Nov  7 22:51 .bashrc
drwx------ 16 jfhogarty jfhogarty 4096 Nov  8 11:24 .cache
drwx------  3 jfhogarty jfhogarty 4096 Nov  7 23:29 .compiz
drwx------ 14 jfhogarty jfhogarty 4096 Nov  8 11:25 .config
drwxr-xr-x  2 jfhogarty jfhogarty 4096 Nov  7 23:26 Desktop
drwxr-xr-x  2 jfhogarty jfhogarty 4096 Nov  7 23:26 Documents
drwxr-xr-x  2 jfhogarty jfhogarty 4096 Nov  7 23:26 Downloads
lrwxrwxrwx  1 jfhogarty jfhogarty   35 Nov  7 22:51 .ecryptfs -> /home/.ecryptfs/jfhogarty/.ecryptfs
-rw-r--r--  1 jfhogarty jfhogarty 8980 Nov  7 22:51 examples.desktop
drwx------  3 jfhogarty jfhogarty 4096 Nov  7 23:47 .gconf
-rw-------  1 jfhogarty jfhogarty 1002 Nov  7 23:47 .ICEauthority
-rw-rw-r--  1 jfhogarty jfhogarty 4201 Nov  7 23:53 install_log.txt
drwxr-xr-x  3 jfhogarty jfhogarty 4096 Nov  7 23:26 .local
drwxr-xr-x  2 jfhogarty jfhogarty 4096 Nov  7 23:26 Music
drwxr-xr-x  2 jfhogarty jfhogarty 4096 Nov  7 23:26 Pictures
lrwxrwxrwx  1 jfhogarty jfhogarty   34 Nov  7 22:51 .Private -> /home/.ecryptfs/jfhogarty/.Private
-rw-r--r--  1 jfhogarty jfhogarty  675 Nov  7 22:51 .profile
drwxr-xr-x  2 jfhogarty jfhogarty 4096 Nov  7 23:26 Public
drwxr-xr-x  2 jfhogarty jfhogarty 4096 Nov  7 23:26 Templates
drwxr-xr-x  2 jfhogarty jfhogarty 4096 Nov  7 23:26 Videos
-rw-------  1 jfhogarty jfhogarty  806 Nov  7 23:53 .viminfo
-rw-------  1 jfhogarty jfhogarty   55 Nov  7 23:47 .Xauthority
-rw-------  1 jfhogarty jfhogarty  108 Nov  7 23:47 .xsession-errors
-rw-------  1 jfhogarty jfhogarty 4549 Nov  7 23:46 .xsession-errors.old
jfhogarty@Ubuntu64VB:~$


INSTALL TMUX:
jfhogarty@Ubuntu64VB:~$ sudo apt-get install tmux
[sudo] password for jfhogarty:
Reading package lists... Done
Building dependency tree
Reading state information... Done
The following NEW packages will be installed:
  tmux
0 upgraded, 1 newly installed, 0 to remove and 3 not upgraded.
Need to get 247 kB of archives.
After this operation, 577 kB of additional disk space will be used.
Get:1 http://us.archive.ubuntu.com/ubuntu/ trusty/main tmux amd64 1.8-5 [247 kB]
Fetched 247 kB in 0s (410 kB/s)
Selecting previously unselected package tmux.
(Reading database ... 197918 files and directories currently installed.)
Preparing to unpack .../archives/tmux_1.8-5_amd64.deb ...
Unpacking tmux (1.8-5) ...
Processing triggers for man-db (2.6.7.1-1ubuntu1) ...
Setting up tmux (1.8-5) ...
jfhogarty@Ubuntu64VB:~$ tmux -V
tmux 1.8
jfhogarty@Ubuntu64VB:~$


INSTALL CURL:
jfhogarty@Ubuntu64VB:~$ sudo apt-get install curl
[sudo] password for jfhogarty:
Reading package lists... Done
Building dependency tree
Reading state information... Done
The following NEW packages will be installed:
  curl
0 upgraded, 1 newly installed, 0 to remove and 3 not upgraded.
Need to get 123 kB of archives.
After this operation, 313 kB of additional disk space will be used.
Get:1 http://us.archive.ubuntu.com/ubuntu/ trusty-updates/main curl amd64 7.35.0-1ubuntu2.1 [123 kB]
Fetched 123 kB in 0s (249 kB/s)
Selecting previously unselected package curl.
(Reading database ... 199004 files and directories currently installed.)
Preparing to unpack .../curl_7.35.0-1ubuntu2.1_amd64.deb ...
Unpacking curl (7.35.0-1ubuntu2.1) ...
Processing triggers for man-db (2.6.7.1-1ubuntu1) ...
Setting up curl (7.35.0-1ubuntu2.1) ...
jfhogarty@Ubuntu64VB:~$


INSTALL GIT:
jfhogarty@Ubuntu64VB:~$ sudo apt-get install git
Reading package lists... Done
Building dependency tree
Reading state information... Done
The following extra packages will be installed:
  git-man liberror-perl
Suggested packages:
  git-daemon-run git-daemon-sysvinit git-doc git-el git-email git-gui gitk
  gitweb git-arch git-bzr git-cvs git-mediawiki git-svn
The following NEW packages will be installed:
  git git-man liberror-perl
0 upgraded, 3 newly installed, 0 to remove and 3 not upgraded.
Need to get 3,274 kB of archives.
After this operation, 21.6 MB of additional disk space will be used.
Do you want to continue? [Y/n] y
Get:1 http://us.archive.ubuntu.com/ubuntu/ trusty/main liberror-perl all 0.17-1.1 [21.1 kB]
Get:2 http://us.archive.ubuntu.com/ubuntu/ trusty/main git-man all 1:1.9.1-1 [698 kB]
Get:3 http://us.archive.ubuntu.com/ubuntu/ trusty/main git amd64 1:1.9.1-1 [2,555 kB]
Fetched 3,274 kB in 1s (1,720 kB/s)
Selecting previously unselected package liberror-perl.
(Reading database ... 199010 files and directories currently installed.)
Preparing to unpack .../liberror-perl_0.17-1.1_all.deb ...
Unpacking liberror-perl (0.17-1.1) ...
Selecting previously unselected package git-man.
Preparing to unpack .../git-man_1%3a1.9.1-1_all.deb ...
Unpacking git-man (1:1.9.1-1) ...
Selecting previously unselected package git.
Preparing to unpack .../git_1%3a1.9.1-1_amd64.deb ...
Unpacking git (1:1.9.1-1) ...
Processing triggers for man-db (2.6.7.1-1ubuntu1) ...
Setting up liberror-perl (0.17-1.1) ...
Setting up git-man (1:1.9.1-1) ...
Setting up git (1:1.9.1-1) ...
jfhogarty@Ubuntu64VB:~$


INSTALL ZSH:
jfhogarty@Ubuntu64VB:~$ sudo apt-get install zsh
[sudo] password for jfhogarty:
Reading package lists... Done
Building dependency tree
Reading state information... Done
The following extra packages will be installed:
  zsh-common
Suggested packages:
  zsh-doc
The following NEW packages will be installed:
  zsh zsh-common
0 upgraded, 2 newly installed, 0 to remove and 3 not upgraded.
Need to get 2,726 kB of archives.
After this operation, 11.4 MB of additional disk space will be used.
Do you want to continue? [Y/n] y
Get:1 http://us.archive.ubuntu.com/ubuntu/ trusty/main zsh-common all 5.0.2-3ubuntu6 [2,119 kB]
Get:2 http://us.archive.ubuntu.com/ubuntu/ trusty/main zsh amd64 5.0.2-3ubuntu6 [607 kB]
Fetched 2,726 kB in 2s (1,111 kB/s)
Selecting previously unselected package zsh-common.
(Reading database ... 197936 files and directories currently installed.)
Preparing to unpack .../zsh-common_5.0.2-3ubuntu6_all.deb ...
Unpacking zsh-common (5.0.2-3ubuntu6) ...
Selecting previously unselected package zsh.
Preparing to unpack .../zsh_5.0.2-3ubuntu6_amd64.deb ...
Unpacking zsh (5.0.2-3ubuntu6) ...
Processing triggers for man-db (2.6.7.1-1ubuntu1) ...
Setting up zsh-common (5.0.2-3ubuntu6) ...
Setting up zsh (5.0.2-3ubuntu6) ...
update-alternatives: using /bin/zsh5 to provide /bin/zsh (zsh) in auto mode
update-alternatives: using /bin/zsh5 to provide /bin/rzsh (rzsh) in auto mode
update-alternatives: warning: skip creation of /usr/share/man/man1/rzsh.1.gz because associated file /usr/share/man/man1/zsh.1.gz (of link group rzsh) doesn't exist
jfhogarty@Ubuntu64VB:~$


INSTALL OH-MY-ZSH:
jfhogarty@Ubuntu64VB:~$ curl -L http://install.ohmyz.sh | sh
  % Total    % Received % Xferd  Average Speed   Time    Time     Time  Current
                                 Dload  Upload   Total   Spent    Left  Speed
100   115  100   115    0     0    334      0 --:--:-- --:--:-- --:--:--   335
100  1906  100  1906    0     0   3256      0 --:--:-- --:--:-- --:--:--  3256
Cloning Oh My Zsh...
Cloning into '/home/jfhogarty/.oh-my-zsh'...
remote: Counting objects: 11225, done.
remote: Compressing objects: 100% (5/5), done.
remote: Total 11225 (delta 0), reused 2 (delta 0)
Receiving objects: 100% (11225/11225), 2.05 MiB | 1.35 MiB/s, done.
Resolving deltas: 100% (6092/6092), done.
Checking connectivity... done.
Looking for an existing zsh config...
Using the Oh My Zsh template file and adding it to ~/.zshrc
Copying your current PATH and adding it to the end of ~/.zshrc for you.
Time to change your default shell to zsh!
Password: chsh: PAM: Authentication failure
jfhogarty@Ubuntu64VB:~$

Note:  The error above - PAM: Authentication failure
       To fix this issue, execute the following:

       jfhogarty@Ubuntu64VB:~$ chsh -s /bin/zsh
       Password:

       You will need to logout and back in for the changes to take effect.

Before Logout:
jfhogarty@Ubuntu64VB:~$ echo $SHELL
/bin/bash
jfhogarty@Ubuntu64VB:~$

After Logout and Login:
➜  ~  echo $SHELL
/bin/zsh
➜  ~


ANOTHER LOOK AT MY HOME DIRECTORY AFTER INSTALLING ZSH:
jfhogarty@Ubuntu64VB:~$ ls -la
total 316
drwx------ 19 jfhogarty jfhogarty  4096 Nov  8 14:28 .
drwxr-xr-x  4 root      root       4096 Nov  7 22:51 ..
drwx------  3 jfhogarty jfhogarty  4096 Nov  8 11:38 .adobe
-rw-------  1 jfhogarty jfhogarty    25 Nov  8 11:34 .bash_history
-rw-r--r--  1 jfhogarty jfhogarty   220 Nov  7 22:51 .bash_logout
-rw-r--r--  1 jfhogarty jfhogarty  3637 Nov  7 22:51 .bashrc
drwx------ 17 jfhogarty jfhogarty  4096 Nov  8 14:14 .cache
drwx------  3 jfhogarty jfhogarty  4096 Nov  7 23:29 .compiz
drwx------ 14 jfhogarty jfhogarty  4096 Nov  8 11:25 .config
drwxr-xr-x  2 jfhogarty jfhogarty  4096 Nov  7 23:26 Desktop
drwxr-xr-x  2 jfhogarty jfhogarty  4096 Nov  7 23:26 Documents
drwxr-xr-x  2 jfhogarty jfhogarty  4096 Nov  7 23:26 Downloads
lrwxrwxrwx  1 jfhogarty jfhogarty    35 Nov  7 22:51 .ecryptfs -> /home/.ecryptfs/jfhogarty/.ecryptfs
-rw-r--r--  1 jfhogarty jfhogarty  8980 Nov  7 22:51 examples.desktop
drwx------  3 jfhogarty jfhogarty  4096 Nov  7 23:47 .gconf
-rw-------  1 jfhogarty jfhogarty  1002 Nov  7 23:47 .ICEauthority
-rw-rw-r--  1 jfhogarty jfhogarty 12625 Nov  8 14:28 install_log.txt
-rw-r--r--  1 jfhogarty jfhogarty 24576 Nov  8 14:28 .install_log.txt.swp
drwxr-xr-x  3 jfhogarty jfhogarty  4096 Nov  7 23:26 .local
drwx------  3 jfhogarty jfhogarty  4096 Nov  8 11:38 .macromedia
drwx------  4 jfhogarty jfhogarty  4096 Nov  8 11:37 .mozilla
drwxr-xr-x  2 jfhogarty jfhogarty  4096 Nov  7 23:26 Music
drwxrwxr-x 11 jfhogarty jfhogarty  4096 Nov  8 14:21 .oh-my-zsh
drwxr-xr-x  2 jfhogarty jfhogarty  4096 Nov  7 23:26 Pictures
lrwxrwxrwx  1 jfhogarty jfhogarty    34 Nov  7 22:51 .Private -> /home/.ecryptfs/jfhogarty/.Private
-rw-r--r--  1 jfhogarty jfhogarty   675 Nov  7 22:51 .profile
drwxr-xr-x  2 jfhogarty jfhogarty  4096 Nov  7 23:26 Public
drwxr-xr-x  2 jfhogarty jfhogarty  4096 Nov  7 23:26 Templates
-rw-rw-r--  1 jfhogarty jfhogarty    54 Nov  8 11:34 tmux-client-3723.log
-rw-rw-r--  1 jfhogarty jfhogarty  9532 Nov  8 11:34 tmux-server-3725.log
drwxr-xr-x  2 jfhogarty jfhogarty  4096 Nov  7 23:26 Videos
-rw-------  1 jfhogarty jfhogarty  1768 Nov  8 11:42 .viminfo
-rw-------  1 jfhogarty jfhogarty    55 Nov  7 23:47 .Xauthority
-rw-------  1 jfhogarty jfhogarty   108 Nov  7 23:47 .xsession-errors
-rw-------  1 jfhogarty jfhogarty  4549 Nov  7 23:46 .xsession-errors.old
-rw-rw-r--  1 jfhogarty jfhogarty  2665 Nov  8 14:21 .zshrc
jfhogarty@Ubuntu64VB:~$


***NOTE: Removed install instructions for CHRUBY as I went back to using RVM***

See instructions at: http://rvm.io
gpg --keyserver hkp://keys.gnupg.net --recv-keys 409B6B1796C275462A1703113804BB82D39DC0E3
\curl -sSL https://get.rvm.io | bash -s stable
rvm list known
rvm install 2.1.3


ADD THE FOLLOWING TO SUPPORT AUTO-SWITCHING:
➜  ~  echo "ruby-2.1.3" > ~/.ruby-version


Confirm ruby installation:
➜  ~  source .zshrc
➜  ~  ruby -v
ruby 2.1.3p242 (2014-09-19 revision 47630) [x86_64-linux]
➜  ~


Install Bundler:
➜  ~  gem install bundler
Fetching: bundler-1.7.4.gem (100%)
Successfully installed bundler-1.7.4
Parsing documentation for bundler-1.7.4
Installing ri documentation for bundler-1.7.4
Done installing documentation for bundler after 2 seconds
1 gem installed
➜  ~


Install rcodetools gem (so we can execute ruby code in vim)
gem install rcodetools
gem install fastri


Configure .gitconfig file:
➜  ~  git config --global user.name "John F. Hogarty"
➜  ~  git config --global user.email "hogihung@gmail.com"
➜  ~  ls -la .git*
-rw-rw-r-- 1 jfhogarty jfhogarty 59 Nov  8 15:40 .gitconfig
➜  ~


INSTALL CTAGS:
➜  ~  sudo apt-get install exuberant-ctags
[sudo] password for jfhogarty:
Reading package lists... Done
Building dependency tree
Reading state information... Done
The following NEW packages will be installed:
  exuberant-ctags
0 upgraded, 1 newly installed, 0 to remove and 3 not upgraded.
Need to get 120 kB of archives.
After this operation, 334 kB of additional disk space will be used.
Get:1 http://us.archive.ubuntu.com/ubuntu/ trusty-updates/main exuberant-ctags amd64 1:5.9~svn20110310-7ubuntu0.1 [120 kB]
Fetched 120 kB in 0s (255 kB/s)
Selecting previously unselected package exuberant-ctags.
(Reading database ... 202457 files and directories currently installed.)
Preparing to unpack .../exuberant-ctags_1%3a5.9~svn20110310-7ubuntu0.1_amd64.deb ...
Unpacking exuberant-ctags (1:5.9~svn20110310-7ubuntu0.1) ...
Processing triggers for man-db (2.6.7.1-1ubuntu1) ...
Setting up exuberant-ctags (1:5.9~svn20110310-7ubuntu0.1) ...
update-alternatives: using /usr/bin/ctags-exuberant to provide /usr/bin/ctags (ctags) in auto mode
update-alternatives: using /usr/bin/ctags-exuberant to provide /usr/bin/etags (etags) in auto mode
➜  ~  which ctags
/usr/bin/ctags
➜  ~  ctags --version
Exuberant Ctags 5.9~svn20110310, Copyright (C) 1996-2009 Darren Hiebert
  Compiled: Oct  7 2014, 13:52:37
  Addresses: <dhiebert@users.sourceforge.net>, http://ctags.sourceforge.net
  Optional compiled features: +wildcards, +regex
➜  ~


Install Silver Searcher:
Source url: https://github.com/ggreer/the_silver_searcher
➜  ~  sudo apt-get install silversearcher-ag
Reading package lists... Done
Building dependency tree
Reading state information... Done
The following NEW packages will be installed:
  silversearcher-ag
0 upgraded, 1 newly installed, 0 to remove and 3 not upgraded.
Need to get 25.9 kB of archives.
After this operation, 111 kB of additional disk space will be used.
Get:1 http://us.archive.ubuntu.com/ubuntu/ trusty/universe silversearcher-ag amd64 0.19.2-1 [25.9 kB]
Fetched 25.9 kB in 0s (123 kB/s)
Selecting previously unselected package silversearcher-ag.
(Reading database ... 202463 files and directories currently installed.)
Preparing to unpack .../silversearcher-ag_0.19.2-1_amd64.deb ...
Unpacking silversearcher-ag (0.19.2-1) ...
Processing triggers for man-db (2.6.7.1-1ubuntu1) ...
Setting up silversearcher-ag (0.19.2-1) ...
➜  ~


Install Vundle:
Source url: https://github.com/gmarik/Vundle.vim
            http://blog.thomasupton.com/2014/02/migrating-from-pathogen-to-vundle/

➜  ~  git clone https://github.com/gmarik/Vundle.vim.git ~/.vim/bundle/Vundle.vim
Cloning into '/home/jfhogarty/.vim/bundle/Vundle.vim'...
remote: Counting objects: 2805, done.
remote: Total 2805 (delta 0), reused 0 (delta 0)
Receiving objects: 100% (2805/2805), 834.42 KiB | 1.46 MiB/s, done.
Resolving deltas: 100% (946/946), done.
Checking connectivity... done.
➜  ~  ls -la .vim
total 20
drwxrwxr-x  3 jfhogarty jfhogarty  4096 Nov  8 16:19 .
drwx------ 23 jfhogarty jfhogarty 12288 Nov  8 16:19 ..
drwxrwxr-x  3 jfhogarty jfhogarty  4096 Nov  8 16:19 bundle
➜  ~

➜  ~  ls -la .vim*
-rw------- 1 jfhogarty jfhogarty 5135 Nov  8 15:39 .viminfo

.vim:
total 20
drwxrwxr-x  3 jfhogarty jfhogarty  4096 Nov  8 16:19 .
drwx------ 23 jfhogarty jfhogarty 12288 Nov  8 16:20 ..
drwxrwxr-x  3 jfhogarty jfhogarty  4096 Nov  8 16:19 bundle
➜  ~  touch .vimrc

Add the following to the .vimrc file (this is just a start)
set nocompatible                " be iMprovied, required
filetype off                    " required

" set the runtime path to include Vundle and initialize
set rtp+=~/.vim/bundle/Vundle.vim
call vundle#begin()
" alternatively, pass a path where Vundle should install plugins
" call bundle #begin('~/some/path/here')

" let Vundle manage Vundle, required
Plugin 'gmarik/Vundle.vim'

" Keep Plugin commands between vundle#begin/end.
" Plugin on GitHub repo
Plugin 'tpope/vim-fugitive'
" Plugin from http://vim-scripts.org/vim/scripts.html
Plugin 'L9'

" All of your Plugins must be added before the following line
call vundle#end()               " required
filetype plugin indent on       " required

NOTE: See my editted .vimrc file ***


Configure .vimrc.file:
See the .vimrc file.


Configure .tmux.conf file:
See the .tmux.conf file


Setup ssh keys for working with Github
cd ~
mkdir .ssh
cd .ssh
➜  .ssh  ssh-keygen -t rsa -C "hogihung@gmail.com"
Generating public/private rsa key pair.
Enter file in which to save the key (/home/jfhogarty/.ssh/id_rsa):
Enter passphrase (empty for no passphrase):
Enter same passphrase again:
Your identification has been saved in /home/jfhogarty/.ssh/id_rsa.
Your public key has been saved in /home/jfhogarty/.ssh/id_rsa.pub.
{--SNIP--}
+-----------------+
➜  .ssh

➜  .ssh  eval "$(ssh-agent -s)"
Agent pid 8546
➜  .ssh  ssh-add ~/.ssh/id_rsa
Enter passphrase for /home/jfhogarty/.ssh/id_rsa:
Identity added: /home/jfhogarty/.ssh/id_rsa (/home/jfhogarty/.ssh/id_rsa)
➜  .ssh

Add your public key to Github.  You can see the instructions at:
https://help.github.com/articles/generating-ssh-keys/
https://help.github.com/articles/changing-a-remote-s-url/


INSTALL POSTGRES
url: https://www.digitalocean.com/community/tutorials/how-to-install-and-use-postgresql-on-ubuntu-14-04
sudo apt-get update
sudo apt-get install postgresql postgresql-contrib


INSTALL RAILS
gem install rails  (should install the current version, e.g. 4.1.7)


Configure Vim to use solarized color theme, see url:
http://ethanschoonover.com/solarized/vim-colors-solarized
http://ethanschoonover.com/solarized

Add to vim using Vundle.  Be sure to update your .vimrc with:
" Configure color theme
let g:solarized_termcolors=256
syntax enable
set background=light
colorscheme solarized

INSTALL SQLITE
sudo apt-get update
sudo apt-get install sqlite3 libsqlite3-dev

